REXPaint v1.70

[   236] I=0000000 Initializing resources
[   236] I=0000003 Loading colors
[   236] W=0000003 Config::init() | Unable to open REXPaint.cfg, creating new default config
[   236] I=0000005 Initializing Rogue Engine X
[   236] I=0000005 |   Starting SDL
[   236] I=0000014 |   Importing icon
[   236] E=0000015 |   REX_Init() | Application icon "rex/icon.png" not found, this program may not be installed correctly!
[   236] I=0000015 |   Confirmed resource initialization
[   236] I=0000015 |   Initializing font type data
[   236] I=0000015 |   Mapping standard ASCII values
[   236] I=0000015 |   Loading fonts
[   236] I=0000018 |   |   [font set: CP437 12x12]
[   236] I=0000030 |   |   ...cp437_12x12.png
[   236] I=0000034 |   |   ...cp437_12x12.png
[   236] I=0000034 |   |   [font set: CP437 14x14]
[   236] I=0000044 |   |   ...cp437_14x14.png
[   236] I=0000049 |   |   ...cp437_14x14.png
[   236] I=0000049 |   |   [font set: CP437 16x16]
[   236] I=0000059 |   |   ...cp437_16x16.png
[   236] I=0000065 |   |   ...cp437_16x16.png
[   236] I=0000065 |   |   [font set: CP437 18x18]
[   236] I=0000081 |   |   ...cp437_18x18.png
[   236] I=0000088 |   |   ...cp437_18x18.png
[   236] I=0000088 |   |   [font set ignored: CP437 20x20] (resolution exceeds desktop)
[   236] I=0000088 |   |   [font set: CP437 8x8]
[   236] I=0000228 |   |   ...cp437_8x8.png
[   236] I=0000229 |   |   ...cp437_8x8.png
[   236] I=0000229 |   |   [font set: CP437 10x10]
[   236] I=0000235 |   |   ...cp437_10x10.png
[   236] I=0000236 |   |   ...cp437_10x10.png
[   236] I=0000236 |   \---DONE
[   236] I=0000236 |   Setting video mode
[   236] I=0000236 |   |   Calculating dimensions
[   236] I=0000237 |   |   ...charW=12
[   236] I=0000237 |   |   ...charH=12
[   236] I=0000237 |   |   ...wMin=936
[   236] I=0000237 |   |   ...hMin=720
[   236] I=0000237 |   |   ...wWanted=936
[   236] I=0000237 |   |   ...hWanted=720
[   236] I=0000237 |   |   All video modes available
[   236] I=0000237 |   |   Setting software video mode
[   236] I=0000262 |   \---DONE
[   236] I=0000262 |   Setting video mode
[   236] I=0000262 |   |   Calculating dimensions
[   236] I=0000262 |   |   ...charW=12
[   236] I=0000262 |   |   ...charH=12
[   236] I=0000262 |   |   ...wMin=936
[   236] I=0000262 |   |   ...hMin=720
[   236] I=0000262 |   |   ...wWanted=936
[   236] I=0000262 |   |   ...hWanted=720
[   236] I=0000262 |   |   All video modes available
[   236] I=0000262 |   |   Setting software video mode
[   236] I=0000266 |   \---DONE
[   236] I=0000266 |   Initializing audio
[   236] I=0000810 |   Creating console
[   236] I=0000812 \---DONE
[   236] I=0000814 RP::initialize() | Initializing program
[   236] I=0000814 |   Mapping font glyphs
[   236] I=0000814 |   Creating game consoles
[   236] I=0000814 |   CProgram() | Creating CProgram
[   236] I=0000814 |   |   Initializing input domains and commands
[   236] I=0000815 |   |   Loading inline colors
[   236] I=0000815 |   \---DONE
[   236] I=0000815 |   Creating top-level consoles
[   236] I=0000815 |   ...CPaint
[   236] I=0000816 |   Loading palette: Palette
[   236] I=0000819 |   ...CBrowse
[   236] I=0000821 |   ...CCanvas
[   236] I=0000822 |   ...CPicker
[   236] I=0000823 |   ...CFilename
[   236] I=0000823 |   ...CResize
[   236] I=0000823 |   ...CConfirm
[   236] I=0000823 |   ...COptions
[   236] I=0000823 |   ...CCommands
[   236] I=0000824 |   ...CMessage
[   236] I=0000824 |   ...CMessage 2
[   324] I=0000824 |   Http::newsCheck() | Checking version and retrieving news
[   236] I=0000824 |   \---DONE
[   324] I=0000824 |   Resolving address...
[   236] I=0000824 |   Starting REX loop
[   324] I=0000845 |   Connecting...
[   324] I=0000881 |   Sending content...
[   324] I=0000882 |   Waiting for ACK...
[   324] I=0001104 |   Got 324 bytes: HTTP/1.1 200 OK
Date: Sun, 17 May 2026 13:52:57 GMT
Server: Apache
Upgrade: h2,h2c
Connection: Upgrade
Vary: Accept-Encoding
Transfer-Encoding: chunked
Content-Type: text/html; charset=UTF-8

70
version_v1.70:REXPaint v1.70 is out! See the announcement on Grid Sage Forums for the latest version info.</END>
0


[   324] I=0001104 |   POST succeeded
[   324] I=0001104 |   Closing socket...
[   324] I=0001104 \---DONE
[   236] I=0006378 Saving config
[   236] I=0006378 exitREXPaint() | Cleaning up program before exit